                                      1 ;--------------------------------------------------------
                                      2 ; File Created by SDCC : free open source ANSI-C Compiler
                                      3 ; Version 4.2.0 #13081 (Linux)
                                      4 ;--------------------------------------------------------
                                      5 	.module main
                                      6 	.optsdcc -mstm8
                                      7 	
                                      8 ;--------------------------------------------------------
                                      9 ; Public variables in this module
                                     10 ;--------------------------------------------------------
                                     11 	.globl _main
                                     12 	.globl _alert_blink_fast
                                     13 	.globl _led_off
                                     14 	.globl _led_on
                                     15 	.globl _dht_read
                                     16 	.globl _dht_read_byte
                                     17 	.globl _dht_read_pin
                                     18 	.globl _dht_low
                                     19 	.globl _dht_high
                                     20 	.globl _dht_set_input
                                     21 	.globl _dht_set_output
                                     22 	.globl _delay_ms
                                     23 	.globl _delay_us
                                     24 ;--------------------------------------------------------
                                     25 ; ram data
                                     26 ;--------------------------------------------------------
                                     27 	.area DATA
                                     28 ;--------------------------------------------------------
                                     29 ; ram data
                                     30 ;--------------------------------------------------------
                                     31 	.area INITIALIZED
                                     32 ;--------------------------------------------------------
                                     33 ; Stack segment in internal ram
                                     34 ;--------------------------------------------------------
                                     35 	.area	SSEG
      000000                         36 __start__stack:
      000000                         37 	.ds	1
                                     38 
                                     39 ;--------------------------------------------------------
                                     40 ; absolute external ram data
                                     41 ;--------------------------------------------------------
                                     42 	.area DABS (ABS)
                                     43 
                                     44 ; default segment ordering for linker
                                     45 	.area HOME
                                     46 	.area GSINIT
                                     47 	.area GSFINAL
                                     48 	.area CONST
                                     49 	.area INITIALIZER
                                     50 	.area CODE
                                     51 
                                     52 ;--------------------------------------------------------
                                     53 ; interrupt vector
                                     54 ;--------------------------------------------------------
                                     55 	.area HOME
      000000                         56 __interrupt_vect:
      000000 82v00u00u00             57 	int s_GSINIT ; reset
                                     58 ;--------------------------------------------------------
                                     59 ; global & static initialisations
                                     60 ;--------------------------------------------------------
                                     61 	.area HOME
                                     62 	.area GSINIT
                                     63 	.area GSFINAL
                                     64 	.area GSINIT
      000000                         65 __sdcc_init_data:
                                     66 ; stm8_genXINIT() start
      000000 AEr00r00         [ 2]   67 	ldw x, #l_DATA
      000003 27 07            [ 1]   68 	jreq	00002$
      000005                         69 00001$:
      000005 72 4FuFFuFF      [ 1]   70 	clr (s_DATA - 1, x)
      000009 5A               [ 2]   71 	decw x
      00000A 26 F9            [ 1]   72 	jrne	00001$
      00000C                         73 00002$:
      00000C AEr00r00         [ 2]   74 	ldw	x, #l_INITIALIZER
      00000F 27 09            [ 1]   75 	jreq	00004$
      000011                         76 00003$:
      000011 D6uFFuFF         [ 1]   77 	ld	a, (s_INITIALIZER - 1, x)
      000014 D7uFFuFF         [ 1]   78 	ld	(s_INITIALIZED - 1, x), a
      000017 5A               [ 2]   79 	decw	x
      000018 26 F7            [ 1]   80 	jrne	00003$
      00001A                         81 00004$:
                                     82 ; stm8_genXINIT() end
                                     83 	.area GSFINAL
      000000 CCr00r04         [ 2]   84 	jp	__sdcc_program_startup
                                     85 ;--------------------------------------------------------
                                     86 ; Home
                                     87 ;--------------------------------------------------------
                                     88 	.area HOME
                                     89 	.area HOME
      000004                         90 __sdcc_program_startup:
      000004 CCr01r2D         [ 2]   91 	jp	_main
                                     92 ;	return from main will return to caller
                                     93 ;--------------------------------------------------------
                                     94 ; code
                                     95 ;--------------------------------------------------------
                                     96 	.area CODE
                                     97 ;	main.c: 12: void delay_us(uint16_t us) {
                                     98 ;	-----------------------------------------
                                     99 ;	 function delay_us
                                    100 ;	-----------------------------------------
      000000                        101 _delay_us:
                                    102 ;	main.c: 13: while (us--) { __asm__("nop"); __asm__("nop"); __asm__("nop"); }
      000000                        103 00101$:
      000000 90 93            [ 1]  104 	ldw	y, x
      000002 5A               [ 2]  105 	decw	x
      000003 90 5D            [ 2]  106 	tnzw	y
      000005 26 01            [ 1]  107 	jrne	00117$
      000007 81               [ 4]  108 	ret
      000008                        109 00117$:
      000008 9D               [ 1]  110 	nop
      000009 9D               [ 1]  111 	nop
      00000A 9D               [ 1]  112 	nop
      00000B 20 F3            [ 2]  113 	jra	00101$
                                    114 ;	main.c: 14: }
      00000D 81               [ 4]  115 	ret
                                    116 ;	main.c: 15: void delay_ms(uint16_t ms) { while (ms--) delay_us(1000); }
                                    117 ;	-----------------------------------------
                                    118 ;	 function delay_ms
                                    119 ;	-----------------------------------------
      00000E                        120 _delay_ms:
      00000E                        121 00101$:
      00000E 90 93            [ 1]  122 	ldw	y, x
      000010 5A               [ 2]  123 	decw	x
      000011 90 5D            [ 2]  124 	tnzw	y
      000013 26 01            [ 1]  125 	jrne	00117$
      000015 81               [ 4]  126 	ret
      000016                        127 00117$:
      000016 89               [ 2]  128 	pushw	x
      000017 AE 03 E8         [ 2]  129 	ldw	x, #0x03e8
      00001A CDr00r00         [ 4]  130 	call	_delay_us
      00001D 85               [ 2]  131 	popw	x
      00001E 20 EE            [ 2]  132 	jra	00101$
      000020 81               [ 4]  133 	ret
                                    134 ;	main.c: 17: void dht_set_output(void) { PD_DDR |= (1 << DHT_PIN); }
                                    135 ;	-----------------------------------------
                                    136 ;	 function dht_set_output
                                    137 ;	-----------------------------------------
      000021                        138 _dht_set_output:
      000021 72 14 50 11      [ 1]  139 	bset	0x5011, #2
      000025 81               [ 4]  140 	ret
                                    141 ;	main.c: 18: void dht_set_input(void)  { PD_DDR &= ~(1 << DHT_PIN); }
                                    142 ;	-----------------------------------------
                                    143 ;	 function dht_set_input
                                    144 ;	-----------------------------------------
      000026                        145 _dht_set_input:
      000026 72 15 50 11      [ 1]  146 	bres	0x5011, #2
      00002A 81               [ 4]  147 	ret
                                    148 ;	main.c: 19: void dht_high(void)       { PD_ODR |= (1 << DHT_PIN); }
                                    149 ;	-----------------------------------------
                                    150 ;	 function dht_high
                                    151 ;	-----------------------------------------
      00002B                        152 _dht_high:
      00002B 72 14 50 0F      [ 1]  153 	bset	0x500f, #2
      00002F 81               [ 4]  154 	ret
                                    155 ;	main.c: 20: void dht_low(void)        { PD_ODR &= ~(1 << DHT_PIN); }
                                    156 ;	-----------------------------------------
                                    157 ;	 function dht_low
                                    158 ;	-----------------------------------------
      000030                        159 _dht_low:
      000030 72 15 50 0F      [ 1]  160 	bres	0x500f, #2
      000034 81               [ 4]  161 	ret
                                    162 ;	main.c: 21: uint8_t dht_read_pin(void){ return (PD_IDR & (1 << DHT_PIN)) ? 1 : 0; }
                                    163 ;	-----------------------------------------
                                    164 ;	 function dht_read_pin
                                    165 ;	-----------------------------------------
      000035                        166 _dht_read_pin:
      000035 72 05 50 10 03   [ 2]  167 	btjf	0x5010, #2, 00103$
      00003A 5F               [ 1]  168 	clrw	x
      00003B 5C               [ 1]  169 	incw	x
      00003C 21                     170 	.byte 0x21
      00003D                        171 00103$:
      00003D 5F               [ 1]  172 	clrw	x
      00003E                        173 00104$:
      00003E 9F               [ 1]  174 	ld	a, xl
      00003F 81               [ 4]  175 	ret
                                    176 ;	main.c: 23: uint8_t dht_read_byte(void) {
                                    177 ;	-----------------------------------------
                                    178 ;	 function dht_read_byte
                                    179 ;	-----------------------------------------
      000040                        180 _dht_read_byte:
      000040 52 02            [ 2]  181 	sub	sp, #2
                                    182 ;	main.c: 24: uint8_t byte = 0;
      000042 0F 01            [ 1]  183 	clr	(0x01, sp)
                                    184 ;	main.c: 25: for (uint8_t i = 0; i < 8; i++) {
      000044 0F 02            [ 1]  185 	clr	(0x02, sp)
      000046                        186 00111$:
      000046 7B 02            [ 1]  187 	ld	a, (0x02, sp)
      000048 A1 08            [ 1]  188 	cp	a, #0x08
      00004A 24 26            [ 1]  189 	jrnc	00109$
                                    190 ;	main.c: 26: while (!dht_read_pin());
      00004C                        191 00101$:
      00004C CDr00r35         [ 4]  192 	call	_dht_read_pin
      00004F 4D               [ 1]  193 	tnz	a
      000050 27 FA            [ 1]  194 	jreq	00101$
                                    195 ;	main.c: 27: delay_us(40);
      000052 AE 00 28         [ 2]  196 	ldw	x, #0x0028
      000055 CDr00r00         [ 4]  197 	call	_delay_us
                                    198 ;	main.c: 28: byte <<= 1;
      000058 7B 01            [ 1]  199 	ld	a, (0x01, sp)
      00005A 48               [ 1]  200 	sll	a
      00005B 6B 01            [ 1]  201 	ld	(0x01, sp), a
                                    202 ;	main.c: 29: if (dht_read_pin()) byte |= 1;
      00005D CDr00r35         [ 4]  203 	call	_dht_read_pin
      000060 4D               [ 1]  204 	tnz	a
      000061 27 05            [ 1]  205 	jreq	00106$
      000063 04 01            [ 1]  206 	srl	(0x01, sp)
      000065 99               [ 1]  207 	scf
      000066 09 01            [ 1]  208 	rlc	(0x01, sp)
                                    209 ;	main.c: 30: while (dht_read_pin());
      000068                        210 00106$:
      000068 CDr00r35         [ 4]  211 	call	_dht_read_pin
      00006B 4D               [ 1]  212 	tnz	a
      00006C 26 FA            [ 1]  213 	jrne	00106$
                                    214 ;	main.c: 25: for (uint8_t i = 0; i < 8; i++) {
      00006E 0C 02            [ 1]  215 	inc	(0x02, sp)
      000070 20 D4            [ 2]  216 	jra	00111$
      000072                        217 00109$:
                                    218 ;	main.c: 32: return byte;
      000072 7B 01            [ 1]  219 	ld	a, (0x01, sp)
                                    220 ;	main.c: 33: }
      000074 5B 02            [ 2]  221 	addw	sp, #2
      000076 81               [ 4]  222 	ret
                                    223 ;	main.c: 35: int8_t dht_read(uint8_t *humidity, uint8_t *temperature) {
                                    224 ;	-----------------------------------------
                                    225 ;	 function dht_read
                                    226 ;	-----------------------------------------
      000077                        227 _dht_read:
      000077 52 08            [ 2]  228 	sub	sp, #8
      000079 1F 06            [ 2]  229 	ldw	(0x06, sp), x
                                    230 ;	main.c: 36: uint8_t data[5] = {0,0,0,0,0};
      00007B 0F 01            [ 1]  231 	clr	(0x01, sp)
      00007D 0F 02            [ 1]  232 	clr	(0x02, sp)
      00007F 0F 03            [ 1]  233 	clr	(0x03, sp)
      000081 0F 04            [ 1]  234 	clr	(0x04, sp)
      000083 0F 05            [ 1]  235 	clr	(0x05, sp)
                                    236 ;	main.c: 37: dht_set_output();
      000085 CDr00r21         [ 4]  237 	call	_dht_set_output
                                    238 ;	main.c: 38: dht_low();
      000088 CDr00r30         [ 4]  239 	call	_dht_low
                                    240 ;	main.c: 39: delay_ms(18);
      00008B AE 00 12         [ 2]  241 	ldw	x, #0x0012
      00008E CDr00r0E         [ 4]  242 	call	_delay_ms
                                    243 ;	main.c: 40: dht_high();
      000091 CDr00r2B         [ 4]  244 	call	_dht_high
                                    245 ;	main.c: 41: delay_us(30);
      000094 AE 00 1E         [ 2]  246 	ldw	x, #0x001e
      000097 CDr00r00         [ 4]  247 	call	_delay_us
                                    248 ;	main.c: 42: dht_set_input();
      00009A CDr00r26         [ 4]  249 	call	_dht_set_input
                                    250 ;	main.c: 43: delay_us(80);
      00009D AE 00 50         [ 2]  251 	ldw	x, #0x0050
      0000A0 CDr00r00         [ 4]  252 	call	_delay_us
                                    253 ;	main.c: 44: delay_us(80);
      0000A3 AE 00 50         [ 2]  254 	ldw	x, #0x0050
      0000A6 CDr00r00         [ 4]  255 	call	_delay_us
                                    256 ;	main.c: 45: for (uint8_t i = 0; i < 5; i++) data[i] = dht_read_byte();
      0000A9 0F 08            [ 1]  257 	clr	(0x08, sp)
      0000AB                        258 00105$:
      0000AB 7B 08            [ 1]  259 	ld	a, (0x08, sp)
      0000AD A1 05            [ 1]  260 	cp	a, #0x05
      0000AF 24 18            [ 1]  261 	jrnc	00101$
      0000B1 5F               [ 1]  262 	clrw	x
      0000B2 7B 08            [ 1]  263 	ld	a, (0x08, sp)
      0000B4 97               [ 1]  264 	ld	xl, a
      0000B5 89               [ 2]  265 	pushw	x
      0000B6 96               [ 1]  266 	ldw	x, sp
      0000B7 1C 00 03         [ 2]  267 	addw	x, #3
      0000BA 72 FB 01         [ 2]  268 	addw	x, (1, sp)
      0000BD 5B 02            [ 2]  269 	addw	sp, #2
      0000BF 89               [ 2]  270 	pushw	x
      0000C0 CDr00r40         [ 4]  271 	call	_dht_read_byte
      0000C3 85               [ 2]  272 	popw	x
      0000C4 F7               [ 1]  273 	ld	(x), a
      0000C5 0C 08            [ 1]  274 	inc	(0x08, sp)
      0000C7 20 E2            [ 2]  275 	jra	00105$
      0000C9                        276 00101$:
                                    277 ;	main.c: 46: dht_set_output();
      0000C9 CDr00r21         [ 4]  278 	call	_dht_set_output
                                    279 ;	main.c: 47: dht_high();
      0000CC CDr00r2B         [ 4]  280 	call	_dht_high
                                    281 ;	main.c: 48: if ((uint8_t)(data[0]+data[1]+data[2]+data[3]) != data[4]) return -1;
      0000CF 7B 01            [ 1]  282 	ld	a, (0x01, sp)
      0000D1 97               [ 1]  283 	ld	xl, a
      0000D2 7B 02            [ 1]  284 	ld	a, (0x02, sp)
      0000D4 89               [ 2]  285 	pushw	x
      0000D5 1B 02            [ 1]  286 	add	a, (2, sp)
      0000D7 85               [ 2]  287 	popw	x
      0000D8 95               [ 1]  288 	ld	xh, a
      0000D9 7B 03            [ 1]  289 	ld	a, (0x03, sp)
      0000DB 89               [ 2]  290 	pushw	x
      0000DC 1B 01            [ 1]  291 	add	a, (1, sp)
      0000DE 85               [ 2]  292 	popw	x
      0000DF 95               [ 1]  293 	ld	xh, a
      0000E0 7B 04            [ 1]  294 	ld	a, (0x04, sp)
      0000E2 89               [ 2]  295 	pushw	x
      0000E3 1B 01            [ 1]  296 	add	a, (1, sp)
      0000E5 85               [ 2]  297 	popw	x
      0000E6 6B 08            [ 1]  298 	ld	(0x08, sp), a
      0000E8 7B 05            [ 1]  299 	ld	a, (0x05, sp)
      0000EA 11 08            [ 1]  300 	cp	a, (0x08, sp)
      0000EC 27 04            [ 1]  301 	jreq	00103$
      0000EE A6 FF            [ 1]  302 	ld	a, #0xff
      0000F0 20 0B            [ 2]  303 	jra	00107$
      0000F2                        304 00103$:
                                    305 ;	main.c: 49: *humidity = data[0];
      0000F2 16 06            [ 2]  306 	ldw	y, (0x06, sp)
      0000F4 9F               [ 1]  307 	ld	a, xl
      0000F5 90 F7            [ 1]  308 	ld	(y), a
                                    309 ;	main.c: 50: *temperature = data[2];
      0000F7 1E 0B            [ 2]  310 	ldw	x, (0x0b, sp)
      0000F9 7B 03            [ 1]  311 	ld	a, (0x03, sp)
      0000FB F7               [ 1]  312 	ld	(x), a
                                    313 ;	main.c: 51: return 0;
      0000FC 4F               [ 1]  314 	clr	a
      0000FD                        315 00107$:
                                    316 ;	main.c: 52: }
      0000FD 1E 09            [ 2]  317 	ldw	x, (9, sp)
      0000FF 5B 0C            [ 2]  318 	addw	sp, #12
      000101 FC               [ 2]  319 	jp	(x)
                                    320 ;	main.c: 54: void led_on(void)  { PD_ODR |= (1 << LED_PIN); }
                                    321 ;	-----------------------------------------
                                    322 ;	 function led_on
                                    323 ;	-----------------------------------------
      000102                        324 _led_on:
      000102 72 18 50 0F      [ 1]  325 	bset	0x500f, #4
      000106 81               [ 4]  326 	ret
                                    327 ;	main.c: 55: void led_off(void) { PD_ODR &= ~(1 << LED_PIN); }
                                    328 ;	-----------------------------------------
                                    329 ;	 function led_off
                                    330 ;	-----------------------------------------
      000107                        331 _led_off:
      000107 72 19 50 0F      [ 1]  332 	bres	0x500f, #4
      00010B 81               [ 4]  333 	ret
                                    334 ;	main.c: 57: void alert_blink_fast(void) {
                                    335 ;	-----------------------------------------
                                    336 ;	 function alert_blink_fast
                                    337 ;	-----------------------------------------
      00010C                        338 _alert_blink_fast:
      00010C 88               [ 1]  339 	push	a
                                    340 ;	main.c: 58: for (uint8_t i = 0; i < 6; i++) {
      00010D 0F 01            [ 1]  341 	clr	(0x01, sp)
      00010F                        342 00103$:
      00010F 7B 01            [ 1]  343 	ld	a, (0x01, sp)
      000111 A1 06            [ 1]  344 	cp	a, #0x06
      000113 24 16            [ 1]  345 	jrnc	00105$
                                    346 ;	main.c: 59: led_on(); delay_ms(100);
      000115 CDr01r02         [ 4]  347 	call	_led_on
      000118 AE 00 64         [ 2]  348 	ldw	x, #0x0064
      00011B CDr00r0E         [ 4]  349 	call	_delay_ms
                                    350 ;	main.c: 60: led_off(); delay_ms(100);
      00011E CDr01r07         [ 4]  351 	call	_led_off
      000121 AE 00 64         [ 2]  352 	ldw	x, #0x0064
      000124 CDr00r0E         [ 4]  353 	call	_delay_ms
                                    354 ;	main.c: 58: for (uint8_t i = 0; i < 6; i++) {
      000127 0C 01            [ 1]  355 	inc	(0x01, sp)
      000129 20 E4            [ 2]  356 	jra	00103$
      00012B                        357 00105$:
                                    358 ;	main.c: 62: }
      00012B 84               [ 1]  359 	pop	a
      00012C 81               [ 4]  360 	ret
                                    361 ;	main.c: 64: int main() {
                                    362 ;	-----------------------------------------
                                    363 ;	 function main
                                    364 ;	-----------------------------------------
      00012D                        365 _main:
      00012D 52 02            [ 2]  366 	sub	sp, #2
                                    367 ;	main.c: 67: CLK_CKDIVR = 0;
      00012F 35 00 50 C6      [ 1]  368 	mov	0x50c6+0, #0x00
                                    369 ;	main.c: 68: PD_DDR |= (1 << LED_PIN);
      000133 72 18 50 11      [ 1]  370 	bset	0x5011, #4
                                    371 ;	main.c: 69: PD_CR1 |= (1 << LED_PIN);
      000137 C6 50 12         [ 1]  372 	ld	a, 0x5012
      00013A AA 10            [ 1]  373 	or	a, #0x10
      00013C C7 50 12         [ 1]  374 	ld	0x5012, a
                                    375 ;	main.c: 70: led_off();
      00013F CDr01r07         [ 4]  376 	call	_led_off
                                    377 ;	main.c: 72: while (1) {
      000142                        378 00109$:
                                    379 ;	main.c: 73: delay_ms(2000);
      000142 AE 07 D0         [ 2]  380 	ldw	x, #0x07d0
      000145 CDr00r0E         [ 4]  381 	call	_delay_ms
                                    382 ;	main.c: 75: if (dht_read(&humidity, &temperature) == 0) {
      000148 96               [ 1]  383 	ldw	x, sp
      000149 5C               [ 1]  384 	incw	x
      00014A 5C               [ 1]  385 	incw	x
      00014B 89               [ 2]  386 	pushw	x
      00014C 96               [ 1]  387 	ldw	x, sp
      00014D 1C 00 03         [ 2]  388 	addw	x, #3
      000150 CDr00r77         [ 4]  389 	call	_dht_read
      000153 4D               [ 1]  390 	tnz	a
      000154 26 1F            [ 1]  391 	jrne	00106$
                                    392 ;	main.c: 76: if (temperature > 30 || humidity < 30) {
      000156 7B 02            [ 1]  393 	ld	a, (0x02, sp)
      000158 A1 1E            [ 1]  394 	cp	a, #0x1e
      00015A 22 06            [ 1]  395 	jrugt	00101$
      00015C 7B 01            [ 1]  396 	ld	a, (0x01, sp)
      00015E A1 1E            [ 1]  397 	cp	a, #0x1e
      000160 24 05            [ 1]  398 	jrnc	00102$
      000162                        399 00101$:
                                    400 ;	main.c: 77: alert_blink_fast();   // bad condition — fast blink
      000162 CDr01r0C         [ 4]  401 	call	_alert_blink_fast
      000165 20 DB            [ 2]  402 	jra	00109$
      000167                        403 00102$:
                                    404 ;	main.c: 79: led_on(); delay_ms(50); led_off();  // OK — quick heartbeat blink
      000167 CDr01r02         [ 4]  405 	call	_led_on
      00016A AE 00 32         [ 2]  406 	ldw	x, #0x0032
      00016D CDr00r0E         [ 4]  407 	call	_delay_ms
      000170 CDr01r07         [ 4]  408 	call	_led_off
      000173 20 CD            [ 2]  409 	jra	00109$
      000175                        410 00106$:
                                    411 ;	main.c: 83: led_on(); delay_ms(50); led_off(); delay_ms(50);
      000175 CDr01r02         [ 4]  412 	call	_led_on
      000178 AE 00 32         [ 2]  413 	ldw	x, #0x0032
      00017B CDr00r0E         [ 4]  414 	call	_delay_ms
      00017E CDr01r07         [ 4]  415 	call	_led_off
      000181 AE 00 32         [ 2]  416 	ldw	x, #0x0032
      000184 CDr00r0E         [ 4]  417 	call	_delay_ms
                                    418 ;	main.c: 84: led_on(); delay_ms(50); led_off();
      000187 CDr01r02         [ 4]  419 	call	_led_on
      00018A AE 00 32         [ 2]  420 	ldw	x, #0x0032
      00018D CDr00r0E         [ 4]  421 	call	_delay_ms
      000190 CDr01r07         [ 4]  422 	call	_led_off
      000193 20 AD            [ 2]  423 	jra	00109$
                                    424 ;	main.c: 87: }
      000195 5B 02            [ 2]  425 	addw	sp, #2
      000197 81               [ 4]  426 	ret
                                    427 	.area CODE
                                    428 	.area CONST
                                    429 	.area INITIALIZER
                                    430 	.area CABS (ABS)
